WARNING: skipping validation. The noiseless energies have NOT been checked against known references, and the Qiskit/PennyLane noise equivalence has NOT been verified.

Option A (PennyLane) scoped to max_operators=8, opt_maxiter=100, lambda=1.0

--------------------------------------------------------------------------------------------------------
SWEEP: 2 molecules x 4 noise levels x 7 strategies = 56 runs
--------------------------------------------------------------------------------------------------------
molecule        noise         strategy                            energy   err/mHa  depth  CNOT    sec
--------------------------------------------------------------------------------------------------------
H2(full)        noiseless     UCCSD                          -1.13730603     0.000     82    56    0.2
H2(full)        noiseless     HEA(reps=2)                    -1.13062485     6.681     11     6    8.4
H2(full)        noiseless     ADAPT-VQE(standard)            -1.13730603     0.000     72    48    0.1
H2(full)        noiseless     ADAPT-VQE(standard,PL)         -1.13730604     0.000      9     6    0.8
H2(full)        noiseless     ADAPT-VQE(resource-aware)      -1.13730604     0.000      9     6    0.9
H2(full)        noiseless     ADAPT-VQE(noise-realized)      -1.13730604     0.000      9     6    1.6
H2(full)        noiseless     ADAPT-VQE(noise-realized,adaptive-lam)   -1.13730604     0.000      9     6    1.7
H2(full)        ManilaV2x0.25 UCCSD                          -1.03807596    99.230     82    56    0.4
H2(full)        ManilaV2x0.25 HEA(reps=2)                    -1.12205983    15.246     11     6   10.6
H2(full)        ManilaV2x0.25 ADAPT-VQE(standard)            -1.04819981    89.106     72    48    0.2
H2(full)        ManilaV2x0.25 ADAPT-VQE(standard,PL)         -1.12204376    15.262      9     6    6.7
H2(full)        ManilaV2x0.25 ADAPT-VQE(resource-aware)      -1.12204376    15.262      9     6    6.5
H2(full)        ManilaV2x0.25 ADAPT-VQE(noise-realized)      -1.12347510    13.831      9     6    2.4
H2(full)        ManilaV2x0.25 ADAPT-VQE(noise-realized,adaptive-lam)   -1.12347510    13.831      9     6    2.1
H2(full)        ManilaV2x0.5  UCCSD                          -0.94884346   188.463     82    56    0.3
H2(full)        ManilaV2x0.5  HEA(reps=2)                    -1.10701153    30.295     11     6    8.0
H2(full)        ManilaV2x0.5  ADAPT-VQE(standard)            -0.96730501   170.001     72    48    0.1
H2(full)        ManilaV2x0.5  ADAPT-VQE(standard,PL)         -1.11689626    20.410      0     0    1.4
H2(full)        ManilaV2x0.5  ADAPT-VQE(resource-aware)      -1.11689626    20.410      0     0    1.3
H2(full)        ManilaV2x0.5  ADAPT-VQE(noise-realized)      -1.11689626    20.410      0     0    3.3
H2(full)        ManilaV2x0.5  ADAPT-VQE(noise-realized,adaptive-lam)   -1.11689626    20.410      0     0    3.4
H2(full)        ManilaV2x1    UCCSD                          -0.79627880   341.027     82    56    0.3
H2(full)        ManilaV2x1    HEA(reps=2)                    -1.07948868    57.817     11     6    7.9
H2(full)        ManilaV2x1    ADAPT-VQE(standard)            -0.82704262   310.263     72    48    0.1
H2(full)        ManilaV2x1    ADAPT-VQE(standard,PL)         -1.11679351    20.513      0     0    1.3
H2(full)        ManilaV2x1    ADAPT-VQE(resource-aware)      -1.11679351    20.513      0     0    1.3
H2(full)        ManilaV2x1    ADAPT-VQE(noise-realized)      -1.11679351    20.513      0     0    3.4
H2(full)        ManilaV2x1    ADAPT-VQE(noise-realized,adaptive-lam)   -1.11679351    20.513      0     0    3.4
LiH(AS:2e,3o)   noiseless     UCCSD                          -7.72709271     0.000    363   272    4.5
LiH(AS:2e,3o)   noiseless     HEA(reps=2)                    -7.71291952    14.173     13    10   15.7
LiH(AS:2e,3o)   noiseless     ADAPT-VQE(standard)            -7.72709261     0.000    187   132    4.6
LiH(AS:2e,3o)   noiseless     ADAPT-VQE(standard,PL)         -7.72708277     0.010     50    36   98.0
LiH(AS:2e,3o)   noiseless     ADAPT-VQE(resource-aware)      -7.72708485     0.008     49    34  100.6
LiH(AS:2e,3o)   noiseless     ADAPT-VQE(noise-realized)      -7.72699240     0.101     37    26  134.8
LiH(AS:2e,3o)   noiseless     ADAPT-VQE(noise-realized,adaptive-lam)   -7.72699240     0.101     37    26  132.4
LiH(AS:2e,3o)   ManilaV2x0.25 UCCSD                          -7.60243841   124.655    363   272    4.2
LiH(AS:2e,3o)   ManilaV2x0.25 HEA(reps=2)                    -7.71021060    16.882     13    10   19.3
LiH(AS:2e,3o)   ManilaV2x0.25 ADAPT-VQE(standard)            -7.55579525   171.298    541   388   57.4
LiH(AS:2e,3o)   ManilaV2x0.25 ADAPT-VQE(standard,PL)         -7.72139795     5.695     16    10   46.4
LiH(AS:2e,3o)   ManilaV2x0.25 ADAPT-VQE(resource-aware)      -7.72139795     5.695     16    10   46.4
LiH(AS:2e,3o)   ManilaV2x0.25 ADAPT-VQE(noise-realized)      -7.72185607     5.237     16    10  121.0
LiH(AS:2e,3o)   ManilaV2x0.25 ADAPT-VQE(noise-realized,adaptive-lam)   -7.72185607     5.237     16    10  123.3
LiH(AS:2e,3o)   ManilaV2x0.5  UCCSD                          -7.50794855   219.144    363   272    4.4
LiH(AS:2e,3o)   ManilaV2x0.5  HEA(reps=2)                    -7.70274444    24.349     13    10   19.2
LiH(AS:2e,3o)   ManilaV2x0.5  ADAPT-VQE(standard)            -7.48981072   237.282    432   308   31.6
LiH(AS:2e,3o)   ManilaV2x0.5  ADAPT-VQE(standard,PL)         -7.71690226    10.191     16    10   56.4
LiH(AS:2e,3o)   ManilaV2x0.5  ADAPT-VQE(resource-aware)      -7.71690226    10.191     16    10   55.4
LiH(AS:2e,3o)   ManilaV2x0.5  ADAPT-VQE(noise-realized)      -7.71779892     9.294     16    10  114.2
LiH(AS:2e,3o)   ManilaV2x0.5  ADAPT-VQE(noise-realized,adaptive-lam)   -7.71779892     9.294     16    10  114.0
LiH(AS:2e,3o)   ManilaV2x1    UCCSD                          -7.37958949   347.504    363   272    4.0
LiH(AS:2e,3o)   ManilaV2x1    HEA(reps=2)                    -7.69860125    28.492     13    10   18.9
LiH(AS:2e,3o)   ManilaV2x1    ADAPT-VQE(standard)            -7.38311269   343.980    347   252    6.6
LiH(AS:2e,3o)   ManilaV2x1    ADAPT-VQE(standard,PL)         -7.71081343    16.280      9     6   42.1
LiH(AS:2e,3o)   ManilaV2x1    ADAPT-VQE(resource-aware)      -7.71081343    16.280      9     6   41.1
LiH(AS:2e,3o)   ManilaV2x1    ADAPT-VQE(noise-realized)      -7.71081343    16.280      9     6   56.4
LiH(AS:2e,3o)   ManilaV2x1    ADAPT-VQE(noise-realized,adaptive-lam)   -7.71081343    16.280      9     6   59.2
--------------------------------------------------------------------------------------------------------
wrote 56 rows -> results/results_novel.csv
--------------------------------------------------------------------------------------------------------

Next: python analyze_results.py --csv results/results_novel.csv
